exports[`Change language Button Unit Test renders and matches its snapshot 1`] = `
<button
  className="whatever"
  id={undefined}
  onClick={[Function]}>
  Language
</button>
`;
